stm32h7xx_hal_ospi.c:2720:13:OSPI_DMACplt	0	static
stm32h7xx_hal_ospi.c:2856:26:OSPI_ConfigCmd	32	static
stm32h7xx_hal_ospi.c:2829:26:OSPI_WaitFlagStateUntilTimeout	24	static
stm32h7xx_hal_ospi.c:473:13:HAL_OSPI_MspInit	0	static
stm32h7xx_hal_ospi.c:342:19:HAL_OSPI_Init	40	static
stm32h7xx_hal_ospi.c:531:13:HAL_OSPI_MspDeInit	0	static
stm32h7xx_hal_ospi.c:488:19:HAL_OSPI_DeInit	8	static
stm32h7xx_hal_ospi.c:802:19:HAL_OSPI_Command	32	static
stm32h7xx_hal_ospi.c:934:19:HAL_OSPI_Command_IT	24	static
stm32h7xx_hal_ospi.c:1024:19:HAL_OSPI_HyperbusCfg	24	static
stm32h7xx_hal_ospi.c:1071:19:HAL_OSPI_HyperbusCmd	24	static
stm32h7xx_hal_ospi.c:1133:19:HAL_OSPI_Transmit	40	static
stm32h7xx_hal_ospi.c:1207:19:HAL_OSPI_Receive	40	static
stm32h7xx_hal_ospi.c:1299:19:HAL_OSPI_Transmit_IT	0	static
stm32h7xx_hal_ospi.c:1349:19:HAL_OSPI_Receive_IT	12	static
stm32h7xx_hal_ospi.c:1422:19:HAL_OSPI_Transmit_DMA	32	static
stm32h7xx_hal_ospi.c:1523:19:HAL_OSPI_Receive_DMA	32	static
stm32h7xx_hal_ospi.c:1639:19:HAL_OSPI_AutoPolling	40	static
stm32h7xx_hal_ospi.c:1717:19:HAL_OSPI_AutoPolling_IT	32	static
stm32h7xx_hal_ospi.c:1792:19:HAL_OSPI_MemoryMapped	24	static
stm32h7xx_hal_ospi.c:1845:13:HAL_OSPI_ErrorCallback	0	static
stm32h7xx_hal_ospi.c:1860:13:HAL_OSPI_AbortCpltCallback	0	static
stm32h7xx_hal_ospi.c:2772:13:OSPI_DMAAbortCplt	8	static
stm32h7xx_hal_ospi.c:1875:13:HAL_OSPI_FifoThresholdCallback	0	static
stm32h7xx_hal_ospi.c:1890:13:HAL_OSPI_CmdCpltCallback	0	static
stm32h7xx_hal_ospi.c:1905:13:HAL_OSPI_RxCpltCallback	0	static
stm32h7xx_hal_ospi.c:1920:14:HAL_OSPI_TxCpltCallback	0	static
stm32h7xx_hal_ospi.c:1935:13:HAL_OSPI_RxHalfCpltCallback	0	static
stm32h7xx_hal_ospi.c:1950:13:HAL_OSPI_TxHalfCpltCallback	0	static
stm32h7xx_hal_ospi.c:1965:13:HAL_OSPI_StatusMatchCallback	0	static
stm32h7xx_hal_ospi.c:1980:13:HAL_OSPI_TimeOutCallback	0	static
stm32h7xx_hal_ospi.c:571:6:HAL_OSPI_IRQHandler	16	static
stm32h7xx_hal_ospi.c:2231:19:HAL_OSPI_Abort	32	static
stm32h7xx_hal_ospi.c:2299:19:HAL_OSPI_Abort_IT	16	static
stm32h7xx_hal_ospi.c:2740:13:OSPI_DMAError	8	static
stm32h7xx_hal_ospi.c:2377:19:HAL_OSPI_SetFifoThreshold	0	static
stm32h7xx_hal_ospi.c:2405:10:HAL_OSPI_GetFifoThreshold	0	static
stm32h7xx_hal_ospi.c:2415:19:HAL_OSPI_SetTimeout	0	static
stm32h7xx_hal_ospi.c:2426:10:HAL_OSPI_GetError	0	static
stm32h7xx_hal_ospi.c:2436:10:HAL_OSPI_GetState	0	static
stm32h7xx_hal_ospi.c:2468:19:HAL_OSPIM_Config	96	static
