main.c:1039:6:StartDefaultTask	8	static
main.c:282:6:SystemClock_Config	120	static
main.c:340:6:PeriphCommonClock_Config	192	static
main.c:930:5:movingAvg	16	static
main.c:940:6:setModulationIndex	0	static
main.c:952:6:limitAngFrq	0	static
main.c:958:6:adjustRPM	0	static
main.c:963:7:pi_control	0	static
main.c:971:7:sat	0	static
main.c:984:6:HAL_TIM_IC_CaptureCallback	0	static
main.c:995:6:adjustMIAndFreq	0	static
main.c:1005:6:adjustMIAndFreqforPI	0	static
main.c:1021:6:motorStart	8	static
main.c:176:5:main	152	static,ignoring_inline_asm
main.c:1123:6:HAL_TIM_PeriodElapsedCallback	72	static
main.c:1218:6:Error_Handler	0	static
