main.c:1036:6:StartDefaultTask	8	static
main.c:153:6:togglePiFlag	0	static
main.c:284:6:SystemClock_Config	120	static
main.c:342:6:PeriphCommonClock_Config	192	static
main.c:932:5:movingAvg	16	static
main.c:942:6:setModulationIndex	0	static
main.c:954:6:limitAngFrq	0	static
main.c:960:6:adjustRPM	0	static
main.c:965:7:pi_control	0	static
main.c:973:7:sat	0	static
main.c:986:6:HAL_TIM_IC_CaptureCallback	0	static
main.c:998:6:adjustMIAndFreq	0	static
main.c:1008:6:adjustMIAndFreqforPI	0	static
main.c:1016:6:motorStart	8	static
main.c:178:5:main	152	static,ignoring_inline_asm
main.c:1121:6:HAL_TIM_PeriodElapsedCallback	72	static
main.c:1209:6:Error_Handler	0	static
